10000 
10000                 LF4C5   EQU    $F4C5
10000                 LFC09   EQU    $FC09 SPHERE FDOS PROM XRI
10000                 LFC0C   EQU    $FC0C SPHERE FDOS PROM XWRT
10000                 LFC0F   EQU    $FC0F SPHERE FDOS PROM UPDT
10000                 LFCF4   EQU    $FCF4 EXBUG ACIA STATUS/CONTROL REGISTER
10000                 LFCF5   EQU    $FCF5 EXBUG ACIA RX/TX DATA REGISTER
10000                 LFCFD   EQU    $FCFD EXBUG SBITC STOP BIT CONTROL FOR ACIA
10000                 LFECA   EQU    $FECA SPHERE FDOS CI
10000                 LFEE5   EQU    $FEE5 SPHERE FDOS CO
10000 
10000 0020 7E 00A1    START   JMP     START1  EDIT ENTRY POINT
10000 0023 7E 0910    CI      JMP     L0910   CONIN CONSOLE IN
10000 0026 7E 0920    CO      JMP     L0920   CONOUT CONSOLE OUT
10000 0029 7E FC09    RI      JMP     LFC09   XRI READ DISK
10000 002C 7E FC0C    WRT     JMP     LFC0C   XWRT WRITE DISK
10000 002F 7E 07E0    ECHOOF  JMP     L07E0   Set Echo off -> patched out
10000                 L0031
10000 
10000 0032 00         L0032   *****
10000 0033 00         L0033   *****
10000 0034 00         L0034   *****
10000 0035 00         L0035   *****
10000 0036 00         L0036   *****
10000 0037 00         L0037   *****
10000 0038 00         L0038   *****
10000 0039 00         L0039   *****
10000 003A 00         L003A   *****
10000 003B 00         L003B   *****
10000 003C 00         L003C   *****
10000 003D 00         L003D   *****
10000 003E 00         L003E   *****
10000 003F 00         L003F   *****
10000 0040 00         L0040   *****
10000 0041 00         L0041   *****
10000 0042 00         L0042   *****
10000 0043 00         L0043   *****
10000 0044 00         HIMEM   EQU   $44     Last addr of RAM (2 bytes)
10000 0046 00         CHAR    EQU   $46     COMMAND CHAR TYPED BY USER
10000 0047 00         L0047   *****
10000 0048 00                 *****
10000 0049 00         L0049   *****
10000 004A 00         L004A   *****
10000 004B 00         L004B   *****
10000 004C 00         L004C   *****
10000 005B 00         L005B   *****
10000 005C 00         L005C   *****
10000 005D 00         L005D   *****
10000 005E 00         L005E   *****
10000 005F 00         L005F   *****
10000 0060 00         L0060   *****
10000 0062 00         L0062   *****
10000 0063 00         L0063   *****
10000 0064 00         L0064   *****
10000 0066 00         L0066   *****
10000 0068 00         L0068   *****
10000 006A 00         L006A   *****
10000 006C 00         L006C   *****
10000 006D 00         L006D   *****
10000 0070 00         L0070   *****
10000 007F 00         L007F   *****
10000 0081 00         L0081   *****
10000 
10000 00A1 0F         START1  SEI             EDIT ENTRY POINT   
10000 00A2 8E 00A0            LDS     #$00A0
10000 00A5 BD 002F            JSR     ECHOOF  Set Echo off    Editor Cold Start Init -> patched out
10000 00A8 BD 01B1            JSR     CRLF    PRINT CRLF
10000 00AB F6 078E            LDAB    MTITLE
10000 00AE CE 078F            LDX     #MTITLE+1   "EDITOR VER 1.0"
10000 00B1 BD 01A7            JSR     PRTSTRB PRINT STRING WITH LEN B
10000 00B4 BD 01D5            JSR     SETHIME Set HIMEM var (=last addr of RAM availabre)  
10000 00B7 CE 0A00            LDX     #$0A00
10000 00BA DF 6C              STX     L006C
10000 00BC 96 45              LDAA    HIMEM+1
10000 00BE D6 44              LDAB    HIMEM     Last addr of RAM
10000 00C0 90 6D              SUBA    L006D
10000 00C2 D2 6C              SBCB    L006C
10000 00C4 97 43              STAA    L0043
10000 00C6 D7 42              STAB    L0042
10000 00C8 4F                 CLRA    
10000 00C9 5F                 CLRB    
10000 00CA BD 01E5            JSR     L01E5
10000 00CD 86 FF              LDAA    #$FF
10000 00CF A7 00              STAA    0,X
10000 00D1 A7 01              STAA    1,X
10000 00D3 CE 0001            LDX     #$0001
10000 00D6 DF 34              STX     L0034
10000 00D8 DF 38              STX     L0038
10000 00DA 8E 00A0    L00DA   LDS     #$00A0
10000 00DD BD 01B1            JSR     CRLF    PRINT CRLF
10000 00E0 BD 01F5            JSR     L01F5

10000 00E3 8E 00A0    CMD     LDS     #$00A0    EXECUTE COMMAND
10000 00E6 DE 34              LDX     L0034
10000 00E8 DF 36              STX     L0036
10000 00EA DE 38              LDX     L0038
10000 00EC DF 3A              STX     L003A
10000 00EE 4F                 CLRA    
10000 00EF 97 41              STAA    L0041
10000 00F1 4C                 INCA    
10000 00F2 97 40              STAA    L0040
10000 00F4 BD 02B3    L00F4   JSR     L02B3
10000 00F7 96 3E              LDAA    L003E
10000 00F9 81 2D              CMPA    #'-
10000 00FB 27 0A              BEQ     L0107
10000 00FD 81 2B              CMPA    #'+
10000 00FF 27 06              BEQ     L0107
10000 0101 96 3F              LDAA    L003F
10000 0103 81 01              CMPA    #$0001
10000 0105 26 03              BNE     L010A
10000 0107 BD 02F8    L0107   JSR     L02F8
10000 010A 96 3F      L010A   LDAA    L003F
10000 010C 27 1F              BEQ     L012D
10000 010E 96 3E              LDAA    L003E
10000 0110 81 1B              CMPA    #$1B   is <ESC>?
10000 0112 27 E0              BEQ     L00F4
10000 0114 BD 01B1    L0114   JSR     CRLF    PRINT CRLF
10000 0117 86 22              LDAA    #$'"
10000 0119 BD 0026            JSR     CO
10000 011C 96 3E              LDAA    L003E
10000 011E BD 0026            JSR     CO
10000 0121 F6 07B1            LDAB    MERR
10000 0124 CE 07B2            LDX     #MERR+1 '" ????'
10000 0127 BD 01A7            JSR     PRTSTRB PRINT STRING WITH LEN B
10000 012A 7E 00DA            JMP     L00DA
10000  ;
10000 012D 96 3E      L012D   LDAA    L003E
10000 012F 84 1F              ANDA    #$001F
10000 0131 97 6A              STAA    L006A
10000 0133 9B 6A              ADDA    L006A
10000 0135 9B 6A              ADDA    L006A
10000 0137 5F                 CLRB    
10000 0138 CE 0146            LDX     #$0146
10000 013B DF 6C              STX     L006C
10000 013D 9B 6D              ADDA    L006D
10000 013F D9 6C              ADCB    L006C
10000 0141 97 6D              STAA    L006D
10000 0143 D7 6C              STAB    L006C
10000 0145 DE 6C              LDX     L006C
10000 0147 6E 00              JMP     0,X
10000 
10000 0149 7E 04E6            JMP     C.APPEN    'A' -> APPEND
10000 014C 7E 0535            JMP     L0535
10000 014F 7E 053D            JMP     L053D
10000 0152 7E 0553            JMP     L0553
10000 0155 7E 059F            JMP     L059F
10000 0158 7E 05E4            JMP     NOCMD      'F' DO NOTHING, JUSt GO TO NEXT CMD
10000 015B 7E 0114            JMP     L0114
10000 015E 7E 0114            JMP     L0114
10000 0161 7E 05F0            JMP     L05F0
10000 0164 7E 0114            JMP     L0114
10000 0167 7E 066B            JMP     L066B
10000 016A 7E 068E            JMP     L068E
10000 016D 7E 0698            JMP     L0698
10000 0170 7E 0114            JMP     L0114
10000 0173 7E 0114            JMP     L0114
10000 0176 7E 06E3            JMP     L06E3
10000 0179 7E 0114            JMP     L0114
10000 017C 7E 0114            JMP     L0114
10000 017F 7E 0725            JMP     L0725
10000 0182 7E 0737            JMP     L0737
10000 0185 7E 0114            JMP     L0114
10000 0188 7E 0114            JMP     L0114
10000 018B 7E 0114            JMP     L0114
10000 018E 7E 0114            JMP     L0114
10000 0191 7E 0114            JMP     L0114
10000 0194 7E 0787            JMP     L0787
10000 
10000 0197 BD 0023    INCH    JSR     CI
10000 019A 84 7F              ANDA    #$007F
10000 019C 39                 RTS     
10000 
10000 019D 39         DUMMY   RTS
10000 019E 3C         
        
10000 019F 4F         DSKPAD  CLRA             PAD B CHARS In DISK WITH ZERO
10000 01A0 BD 002C            JSR     WRT      WRITE DISK
10000 01A3 5A                 DECB    
10000 01A4 26 F9              BNE     DSKPAD  
10000 01A6 39                 RTS     
10000 
10000 01A7 A6 00      PRTSTRB LDAA    0,X      PRINT STRING WITH LEN B
10000 01A9 BD 0026            JSR     CO
10000 01AC 08                 INX     
10000 01AD 5A                 DECB    
10000 01AE 26 F7              BNE     PRTSTRB 
10000 01B0 39                 RTS     
10000 
10000 01B1 86 0D      CRLF    LDAA    #$0D     PRINT CRLF
10000 01B3 BD 0026            JSR     CO
10000 01B6 86 0A              LDAA    #$0A
10000 01B8 7E 0026            JMP     CO
10000  ;
10000 01BB BD 0029    RDDSK   JSR     RI         READ DISK
10000 01BE 25 03              BCS     RDDSK2     JUMP IF EOF
10000 01C0 84 7F              ANDA    #$007F
10000 01C2 39                 RTS     
10000 01C3 86 1A      RDDSK2  LDAA    #$1A       RETURN ^Z IF EOF
10000 01C5 39                 RTS     

10000 01C6 39         DUMMY   RTS                DUMMY
10000 01C7 07                 TPA     
10000 01C8 C5 CE              BITB    #$00CE
10000 01CA 07                 TPA     
10000 01CB C6 BD              LDAB    #$00BD
10000 01CD 01                 NOP     
10000 01CE A7 7E              STAA    $007E,X
10000 01D0 00                 
10000 01D1 23 
10000 01D2 39         DUMMY   RTS
10000 01D3 00                 
10000 01D4 23 

10000 01D5 86         SETHIME LDAA    #$03      Set HIMEM var (=last addr of RAM availabre) 
10000 01D7 CE 09FF            LDX     #$09FF
10000 01DA 08         L01DA   INX     
10000 01DB A7 00              STAA    0,X
10000 01DD A1 00              CMPA    0,X
10000 01DF 27 F9              BEQ     L01DA
10000 01E1 09                 DEX     
10000 01E2 DF 44              STX     HIMEM     Last addr of RAM
10000 01E4 39                 RTS     
10000 
10000 01E5 CE 0A00    L01E5   LDX     #$0A00
10000 01E8 DF 6C              STX     L006C
10000 01EA 9B 6D              ADDA    L006D
10000 01EC D9 6C              ADCB    L006C
10000 01EE 97 6D              STAA    L006D
10000 01F0 D7 6C              STAB    L006C
10000 01F2 DE 6C              LDX     L006C
10000 01F4 39                 RTS     
10000 
10000 01F5 86 40      L01F5   LDAA    #'@    PRINT '@' PROMPT
10000 01F7 BD 0026            JSR     CO
10000 01FA DE 42              LDX     L0042
10000 01FC DF 32              STX     L0032
10000 01FE 09                 DEX     
10000 01FF DF 3C              STX     L003C
10000 0201 7F 0047            CLR     L0047
10000 0204 BD 0197    L0204   JSR     INCH   Read a char from console
10000 0207 97 46              STAA    CHAR     
10000 0209 26 03              BNE     L020E
10000 020B 7E 00DA            JMP     L00DA
10000 020E 81 0D      L020E   CMPA    #0D    is <CR>?
10000 0210 26 17              BNE     L0229
10000 0212 DE 32              LDX     L0032
10000 0214 09                 DEX     
10000 0215 DF 32              STX     L0032
10000 0217 D6 32              LDAB    L0032
10000 0219 96 33              LDAA    L0033
10000 021B BD 01E5            JSR     L01E5
10000 021E 86 0D              LDAA    #$0D
10000 0220 A7 00              STAA    0,X
10000 0222 BD 0026            JSR     CO
10000 0225 86 0A              LDAA    #$0A
10000 0227 97 46              STAA    CHAR
10000 0229 81 7F      L0229   CMPA    #$7F   is <Delete>?
10000 022B 26 2A              BNE     L0257
10000 022D DE 42              LDX     L0042
10000 022F 9C 32              CPX     L0032
10000 0231 26 06              BNE     L0239
10000 0233 BD 01B1            JSR     CRLF    PRINT CRLF
10000 0236 7E 01F5            JMP     L01F5
10000 0239 D6 32      L0239   LDAB    L0032
10000 023B 96 33              LDAA    L0033
10000 023D BD 01E5            JSR     L01E5
10000 0240 A6 00              LDAA    0,X
10000 0242 97 46              STAA    CHAR
10000 0244 81 1B              CMPA    #$1B   is <ESC>?
10000 0246 26 04              BNE     L024C
10000 0248 86 24              LDAA    #'$
10000 024A 97 46              STAA    CHAR   print '$'
10000 024C BD 0026    L024C   JSR     CO     
10000 024F DE 32              LDX     L0032
10000 0251 08                 INX     
10000 0252 DF 32              STX     L0032
10000 0254 7E 02AC            JMP     L02AC
10000 0257 DE 38      L0257   LDX     L0038
10000 0259 08                 INX     
10000 025A 08                 INX     
10000 025B 9C 32              CPX     L0032
10000 025D 26 03              BNE     L0262
10000 025F BD 0438            JSR     L0438
10000 0262 DE 38      L0262   LDX     L0038
10000 0264 08                 INX     
10000 0265 08                 INX     
10000 0266 9C 32              CPX     L0032
10000 0268 26 08              BNE     L0272
10000 026A 86 07              LDAA    #$0007
10000 026C BD 0026            JSR     CO
10000 026F 7E 0204            JMP     L0204
10000  ;
10000 0272 96 46      L0272   LDAA    CHAR
10000 0274 81 7D              CMPA    #$7D
10000 0276 26 04              BNE     L027C
10000 0278 86 1B              LDAA    #$1B
10000 027A 97 46              STAA    CHAR
10000 027C 96 46      L027C   LDAA    CHAR
10000 027E 81 1B              CMPA    #$1B
10000 0280 26 07              BNE     L0289
10000 0282 86 24              LDAA    #$24
10000 0284 BD 0026            JSR     CO
10000 0287 20 05              BRA     L028E
10000  ;
10000 0289 96 46      L0289   LDAA    CHAR
10000 028B BD 0026            JSR     CO -> echo typed char
10000 028E DE 32      L028E   LDX     L0032
10000 0290 09                 DEX     
10000 0291 DF 32              STX     L0032
10000 0293 D6 32              LDAB    L0032
10000 0295 96 33              LDAA    L0033
10000 0297 BD 01E5            JSR     L01E5
10000 029A 96 46              LDAA    CHAR
10000 029C A7 00              STAA    0,X
10000 029E 86 1B              LDAA    #$1B
10000 02A0 91 46              CMPA    CHAR
10000 02A2 26 08              BNE     L02AC
10000 02A4 91 47              CMPA    L0047
10000 02A6 26 04              BNE     L02AC
10000 02A8 BD 01B1            JSR     CRLF    PRINT CRLF
10000 02AB 39                 RTS     
10000 
10000 02AC 96 46      L02AC   LDAA    CHAR
10000 02AE 97 47              STAA    L0047
10000 02B0 7E 0204            JMP     L0204
10000 
10000 02B3 D6 3C      L02B3   LDAB    L003C
10000 02B5 96 3D              LDAA    L003D
10000 02B7 90 33              SUBA    L0033
10000 02B9 D2 32              SBCB    L0032
10000 02BB 2A 03              BPL     L02C0
10000 02BD BD 01F5            JSR     L01F5
10000 02C0 86 02      L02C0   LDAA    #$02
10000 02C2 97 3F              STAA    L003F
10000 02C4 D6 3C              LDAB    L003C
10000 02C6 96 3D              LDAA    L003D
10000 02C8 BD 01E5            JSR     L01E5
10000 02CB A6 00              LDAA    0,X
10000 02CD 97 62              STAA    L0062
10000 02CF 80 41              SUBA    #$0041
10000 02D1 2B 09              BMI     L02DC
10000 02D3 86 5A              LDAA    #'Z     'Z' char
10000 02D5 90 62              SUBA    L0062
10000 02D7 2B 03              BMI     L02DC
10000 02D9 7F 003F            CLR     L003F
10000 02DC 96 62      L02DC   LDAA    L0062
10000 02DE 80 30              SUBA    #$30
10000 02E0 2B 0C              BMI     L02EE
10000 02E2 86 39              LDAA    #$39
10000 02E4 90 62              SUBA    L0062
10000 02E6 2B 06              BMI     L02EE
10000 02E8 7F 003F            CLR     L003F
10000 02EB 7C 003F            INC     L003F
10000 02EE DE 3C      L02EE   LDX     L003C
10000 02F0 09                 DEX     
10000 02F1 DF 3C              STX     L003C
10000 02F3 96 62              LDAA    L0062
10000 02F5 97 3E              STAA    L003E
10000 02F7 39                 RTS     
10000 
10000 02F8 96 3E      L02F8   LDAA    L003E
10000 02FA 81 2D              CMPA    #$002D
10000 02FC 26 06              BNE     L0304
10000 02FE 86 FF              LDAA    #$00FF
10000 0300 97 41              STAA    L0041
10000 0302 20 04              BRA     L0308
10000  ;
10000 0304 81 2B      L0304   CMPA    #$002B
10000 0306 26 03              BNE     L030B
10000 0308 BD 02B3    L0308   JSR     L02B3
10000 030B 7F 0040    L030B   CLR     L0040
10000 030E 96 3F      L030E   LDAA    L003F
10000 0310 81 01              CMPA    #$0001
10000 0312 26 19              BNE     L032D
10000 0314 96 3E              LDAA    L003E
10000 0316 84 0F              ANDA    #$000F
10000 0318 36                 PSHA    
10000 0319 96 40              LDAA    L0040
10000 031B 9B 40              ADDA    L0040
10000 031D 16                 TAB     
10000 031E 1B                 ABA     
10000 031F 9B 40              ADDA    L0040
10000 0321 16                 TAB     
10000 0322 1B                 ABA     
10000 0323 33                 PULB    
10000 0324 1B                 ABA     
10000 0325 97 40              STAA    L0040
10000 0327 BD 02B3            JSR     L02B3
10000 032A 7E 030E            JMP     L030E
10000  ;
10000 032D 96 41      L032D   LDAA    L0041
10000 032F 27 0A              BEQ     L033B
10000 0331 96 40              LDAA    L0040
10000 0333 26 06              BNE     L033B
10000 0335 7F 0040            CLR     L0040
10000 0338 7C 0040            INC     L0040
10000 033B 39         L033B   RTS     
10000  ; -----------------------------------------------
10000 033C 7F 005D    L033C   CLR     L005D
10000 033F BD 02B3    L033F   JSR     L02B3
10000 0342 CE 0048            LDX     #$0048
10000 0345 DF 6C              STX     L006C
10000 0347 96 5D              LDAA    L005D
10000 0349 5F                 CLRB    
10000 034A 9B 6D              ADDA    L006D
10000 034C D9 6C              ADCB    L006C
10000 034E D7 6C              STAB    L006C
10000 0350 97 6D              STAA    L006D
10000 0352 DE 6C              LDX     L006C
10000 0354 96 3E              LDAA    L003E
10000 0356 A7 00              STAA    $0000,X
10000 0358 81 1B              CMPA    #$001B
10000 035A 27 0C              BEQ     L0368
10000 035C 96 5D              LDAA    L005D
10000 035E 80 11              SUBA    #$0011
10000 0360 2A 06              BPL     L0368
10000 0362 7C 005D            INC     L005D
10000 0365 7E 033F            JMP     L033F
10000  ;
10000 0368 BD 0391    L0368   JSR     L0391
10000 036B DE 5B              LDX     L005B
10000 036D 08                 INX     
10000 036E 27 03              BEQ     L0373
10000 0370 7E 0900            JMP     L0900
10000  ;
10000 0373 CE 07B9    L0373   LDX     #MNFND+1  'CAN'T FIND "'
10000 0376 F6 07B8            LDAB    MNFND
10000 0379 BD 01A7            JSR     PRTSTRB PRINT STRING WITH LEN B
10000 037C CE 0048            LDX     #$0048
10000 037F D6 5D              LDAB    L005D
10000 0381 27 03              BEQ     L0386
10000 0383 BD 01A7            JSR     PRTSTRB PRINT STRING WITH LEN B
10000 0386 86 22      L0386   LDAA    #'"
10000 0388 BD 0026            JSR     CO
10000 038B BD 01B1            JSR     CRLF    PRINT CRLF
10000 038E 7E 00DA            JMP     L00DA
10000  ;
10000 0391 CE 0000    L0391   LDX     #$0000
10000 0394 DF 5B              STX     L005B
10000 0396 D6 5B      L0396   LDAB    L005B
10000 0398 96 5C              LDAA    L005C
10000 039A 9B 35              ADDA    L0035
10000 039C D9 34              ADCB    L0034
10000 039E BD 01E5            JSR     L01E5
10000 03A1 A6 00              LDAA    $0000,X
10000 03A3 81 FF              CMPA    #$00FF
10000 03A5 27 3A              BEQ     L03E1
10000 03A7 7F 0066            CLR     L0066
10000 03AA D6 5B      L03AA   LDAB    L005B
10000 03AC 96 5C              LDAA    L005C
10000 03AE 9B 35              ADDA    L0035
10000 03B0 D9 34              ADCB    L0034
10000 03B2 9B 66              ADDA    L0066
10000 03B4 C9 00              ADCB    #$0000
10000 03B6 BD 01E5            JSR     L01E5
10000 03B9 A6 00              LDAA    $0000,X
10000 03BB 97 68              STAA    L0068
10000 03BD CE 0048            LDX     #$0048
10000 03C0 DF 6C              STX     L006C
10000 03C2 96 66              LDAA    L0066
10000 03C4 5F                 CLRB    
10000 03C5 9B 6D              ADDA    L006D
10000 03C7 D9 6C              ADCB    L006C
10000 03C9 D7 6C              STAB    L006C
10000 03CB 97 6D              STAA    L006D
10000 03CD DE 6C              LDX     L006C
10000 03CF A6 00              LDAA    $0000,X
10000 03D1 91 68              CMPA    L0068
10000 03D3 26 12              BNE     L03E7
10000 03D5 A6 01              LDAA    $0001,X
10000 03D7 81 1B              CMPA    #$001B
10000 03D9 27 0B              BEQ     L03E6
10000 03DB 7C 0066            INC     L0066
10000 03DE 7E 03AA            JMP     L03AA
10000  ;
10000 03E1 CE FFFF    L03E1   LDX     #$FFFF
10000 03E4 DF 5B              STX     L005B
10000 03E6 39         L03E6   RTS     

10000 03E7 96 68      L03E7   LDAA    L0068
10000 03E9 81 FF              CMPA    #$00FF
10000 03EB 27 F4              BEQ     L03E1
10000 03ED DE 5B              LDX     L005B
10000 03EF 08                 INX     
10000 03F0 DF 5B              STX     L005B
10000 03F2 7E 0396            JMP     L0396
10000  ;
10000 03F5 DE 34      L03F5   LDX     L0034
10000 03F7 DF 38              STX     L0038
10000 03F9 D6 3A      L03F9   LDAB    L003A
10000 03FB 96 3B              LDAA    L003B
10000 03FD 90 37              SUBA    L0037
10000 03FF D2 36              SBCB    L0036
10000 0401 2B 21              BMI     L0424
10000 0403 D6 36              LDAB    L0036
10000 0405 96 37              LDAA    L0037
10000 0407 BD 01E5            JSR     L01E5
10000 040A A6 00              LDAA    $0000,X
10000 040C 36                 PSHA    
10000 040D D6 38              LDAB    L0038
10000 040F 96 39              LDAA    L0039
10000 0411 BD 01E5            JSR     L01E5
10000 0414 32                 PULA    
10000 0415 A7 00              STAA    $0000,X
10000 0417 DE 36              LDX     L0036
10000 0419 08                 INX     
10000 041A DF 36              STX     L0036
10000 041C DE 38              LDX     L0038
10000 041E 08                 INX     
10000 041F DF 38              STX     L0038
10000 0421 7E 03F9            JMP     L03F9
10000  ;
10000 0424 DE 38      L0424   LDX     L0038
10000 0426 09                 DEX     
10000 0427 DF 38              STX     L0038
10000 0429 D6 38              LDAB    L0038
10000 042B 96 39              LDAA    L0039
10000 042D BD 01E5            JSR     L01E5
10000 0430 86 FF              LDAA    #$00FF
10000 0432 A7 00              STAA    $0000,X
10000 0434 BD 0438            JSR     L0438
10000 0437 39                 RTS     
10000  ; -----------------------------------------------
10000 0438 DE 42      L0438   LDX     L0042
10000 043A 09                 DEX     
10000 043B DF 62              STX     L0062
10000 043D D6 3C      L043D   LDAB    L003C
10000 043F 96 3D              LDAA    L003D
10000 0441 90 33              SUBA    L0033
10000 0443 D2 32              SBCB    L0032
10000 0445 2B 20              BMI     L0467
10000 0447 D6 3C              LDAB    L003C
10000 0449 96 3D              LDAA    L003D
10000 044B BD 01E5            JSR     L01E5
10000 044E A6 00              LDAA    $0000,X
10000 0450 36                 PSHA    
10000 0451 D6 62              LDAB    L0062
10000 0453 96 63              LDAA    L0063
10000 0455 BD 01E5            JSR     L01E5
10000 0458 32                 PULA    
10000 0459 A7 00              STAA    $0000,X
10000 045B DE 62              LDX     L0062
10000 045D 09                 DEX     
10000 045E DF 62              STX     L0062
10000 0460 DE 3C              LDX     L003C
10000 0462 09                 DEX     
10000 0463 DF 3C              STX    L003C
10000 0465 20 D6              BRA     L043D
10000  ;
10000 0467 DE 62      L0467   LDX     L0062
10000 0469 08                 INX     
10000 046A DF 32              STX     L0032
10000 046C DE 42              LDX     L0042
10000 046E 09                 DEX     
10000 046F DF 3C              STX     L003C
10000 0471 39                 RTS     
10000  ; -----------------------------------------------
10000 0472 DE 34      L0472   LDX     L0034
10000 0474 DF 5E              STX     L005E
10000 0476 96 41              LDAA    L0041
10000 0478 26 04              BNE     L047E
10000 047A 96 40              LDAA    L0040
10000 047C 26 45              BNE     L04C3
10000 047E DE 38      L047E   LDX     L0038
10000 0480 9C 34              CPX     L0034
10000 0482 26 0C              BNE     L0490
10000 0484 CE 0001            LDX     #$0001
10000 0487 9C 34              CPX     L0034
10000 0489 27 05              BEQ     L0490
10000 048B DE 5E              LDX     L005E
10000 048D 09                 DEX     
10000 048E DF 5E              STX     L005E
10000 0490 7C 0040    L0490   INC     L0040
10000 0493 96 40      L0493   LDAA    L0040
10000 0495 27 15              BEQ     L04AC
10000 0497 D6 5E              LDAB    L005E
10000 0499 96 5F              LDAA    L005F
10000 049B BD 01E5            JSR     L01E5
10000 049E A6 00              LDAA    $0000,X
10000 04A0 97 60              STAA    L0060
10000 04A2 81 FF              CMPA    #$00FF
10000 04A4 26 0D              BNE     L04B3
10000 04A6 DE 5E              LDX     L005E
10000 04A8 08                 INX     
10000 04A9 DF 5E              STX     L005E
10000 04AB 39                 RTS     
10000  ; -----------------------------------------------
10000 04AC DE 5E      L04AC   LDX     L005E
10000 04AE 08                 INX     
10000 04AF 08                 INX     
10000 04B0 DF 5E              STX     L005E
10000 04B2 39                 RTS     
10000  ; -----------------------------------------------
10000 04B3 96 60      L04B3   LDAA    L0060
10000 04B5 81 0A              CMPA    #$000A
10000 04B7 26 03              BNE     L04BC
10000 04B9 7A 0040            DEC     L0040
10000 04BC DE 5E      L04BC   LDX     L005E
10000 04BE 09                 DEX     
10000 04BF DF 5E              STX     L005E
10000 04C1 20 D0              BRA     L0493
10000  ;
10000 04C3 96 40      L04C3   LDAA    L0040
10000 04C5 26 01              BNE     L04C8
10000 04C7 39                 RTS     
10000  ; -----------------------------------------------
10000 04C8 D6 5E      L04C8   LDAB    L005E
10000 04CA 96 5F              LDAA    L005F
10000 04CC BD 01E5            JSR     L01E5
10000 04CF A6 00              LDAA    $0000,X
10000 04D1 97 60              STAA    L0060
10000 04D3 81 FF              CMPA    #$00FF
10000 04D5 26 01              BNE     L04D8
10000 04D7 39                 RTS     
10000  ; -----------------------------------------------
10000 04D8 81 0A      L04D8   CMPA    #$000A
10000 04DA 26 03              BNE     L04DF
10000 04DC 7A 0040            DEC     L0040
10000 04DF DE 5E      L04DF   LDX     L005E
10000 04E1 08                 INX     
10000 04E2 DF 5E              STX     L005E
10000 04E4 20 DD              BRA     L04C3

10000 04E6 7F 0040    C.APPEN CLR     L0040       APPEND COMMAND
10000 04E9 D6 38      L04E9   LDAB    L0038
10000 04EB 96 39              LDAA    L0039
10000 04ED 90 33              SUBA    L0033
10000 04EF D2 32              SBCB    L0032
10000 04F1 8B 0A              ADDA    #$0A
10000 04F3 C9 00              ADCB    #$00
10000 04F5 2A 30              BPL     L0527
10000 04F7 BD 01BB            JSR     RDDSK       READ DISK -> return read byte
10000 04FA 97 3E              STAA    L003E
10000 04FC 81 1A              CMPA    #$1A        is ^Z ? (i.e. EOF)
10000 04FE 27 27              BEQ     L0527
10000 0500 81 00              CMPA    #$00
10000 0502 27 E5              BEQ     L04E9       if NULL -> skip char
10000 0504 81 7F              CMPA    #$7F
10000 0506 27 E1              BEQ     L04E9       if <DEL> -> skip char
10000 0508 D6 38              LDAB    L0038
10000 050A 96 39              LDAA    L0039
10000 050C BD 01E5            JSR     L01E5
10000 050F 96 3E              LDAA    L003E
10000 0511 A7 00              STAA    0,X
10000 0513 DE 38              LDX     L0038
10000 0515 08                 INX     
10000 0516 DF 38              STX     L0038
10000 0518 96 3E              LDAA    L003E
10000 051A 81 0A              CMPA    #$0A
10000 051C 26 CB              BNE     L04E9
10000 051E 7C 0040            INC     L0040
10000 0521 96 40              LDAA    L0040
10000 0523 81 32              CMPA    #50
10000 0525 26 C2              BNE     L04E9
10000 0527 D6 38      L0527   LDAB    L0038
10000 0529 96 39              LDAA    L0039
10000 052B BD 01E5            JSR     L01E5
10000 052E 86 FF              LDAA    #$FF
10000 0530 A7 00              STAA    0,X
10000 0532 7E 00E3            JMP     CMD     GO EXECUTE NEXT COMMAND
10000  ;
10000 0535 CE 0001    L0535   LDX     #$0001
10000 0538 DF 34              STX     L0034
10000 053A 7E 00E3            JMP     CMD     GO EXECUTE NEXT COMMAND
10000  ;
10000 053D BD 033C    L053D   JSR     L033C
10000 0540 D6 5B              LDAB    L005B
10000 0542 96 5C              LDAA    L005C
10000 0544 D7 34              STAB    L0034
10000 0546 97 35              STAA    L0035
10000 0548 9B 5D              ADDA    L005D
10000 054A C9 00              ADCB    #$0000
10000 054C D7 36              STAB    L0036
10000 054E 97 37              STAA    L0037
10000 0550 7E 05F0            JMP     L05F0
10000  ;
10000 0553 96 41      L0553   LDAA    L0041
10000 0555 27 26              BEQ     L057D
10000 0557 7F 006C            CLR     L006C
10000 055A 96 40              LDAA    L0040
10000 055C 97 6D              STAA    L006D
10000 055E DE 34              LDX     L0034
10000 0560 9C 6C              CPX     L006C
10000 0562 2A 07              BPL     L056B
10000 0564 CE 0001            LDX     #$0001
10000 0567 DF 34              STX     L0034
10000 0569 20 0C              BRA     L0577
10000  ;
10000 056B D6 34      L056B   LDAB    L0034
10000 056D 96 35              LDAA    L0035
10000 056F 90 40              SUBA    L0040
10000 0571 C2 00              SBCB    #$0000
10000 0573 D7 34              STAB    L0034
10000 0575 97 35              STAA    L0035
10000 0577 BD 03F5    L0577   JSR     L03F5
10000 057A 7E 00E3            JMP     CMD     GO EXECUTE NEXT COMMAND
10000  ;
10000 057D D6 34      L057D   LDAB    L0034
10000 057F 96 35              LDAA    L0035
10000 0581 9B 40              ADDA    L0040
10000 0583 C9 00              ADCB    #$0000
10000 0585 D7 62              STAB    L0062
10000 0587 97 63              STAA    L0063
10000 0589 D6 38              LDAB    L0038
10000 058B 96 39              LDAA    L0039
10000 058D 90 63              SUBA    L0063
10000 058F D2 62              SBCB    L0062
10000 0591 2A 06              BPL     L0599
10000 0593 DE 38              LDX     L0038
10000 0595 DF 36              STX     L0036
10000 0597 20 DE              BRA     L0577
10000  ;
10000 0599 DE 62      L0599   LDX     L0062
10000 059B DF 36              STX     L0036
10000 059D 20 D8              BRA     L0577
10000  ;
10000 059F BD 01C6    L059F   JSR     DUMMY
10000 05A2 CE 0001            LDX     #$0001
10000 05A5 DF 62              STX     L0062
10000 05A7 DE 38      L05A7   LDX     L0038
10000 05A9 09                 DEX     
10000 05AA DF 6C              STX     L006C
10000 05AC D6 6C              LDAB    L006C
10000 05AE 96 6D              LDAA    L006D
10000 05B0 90 63              SUBA    L0063
10000 05B2 D2 62              SBCB    L0062
10000 05B4 2B 13              BMI     L05C9
10000 05B6 D6 62              LDAB    L0062
10000 05B8 96 63              LDAA    L0063
10000 05BA BD 01E5            JSR     L01E5
10000 05BD A6 00              LDAA    $0000,X
10000 05BF BD 002C            JSR     WRT      WRITE DISK
10000 05C2 DE 62              LDX     L0062
10000 05C4 08                 INX     
10000 05C5 DF 62              STX     L0062
10000 05C7 20 DE              BRA     L05A7
10000  ;
10000 05C9 BD 01BB    L05C9   JSR     RDDSK      READ DISK
10000 05CC 97 3E              STAA    L003E
10000 05CE 81 1A              CMPA    #$001A
10000 05D0 27 09              BEQ     L05DB
10000 05D2 BD 002C            JSR     WRT      WRITE DISK
10000 05D5 7E 05C9            JMP     L05C9
10000  ;
10000 05D8 BD 002C            JSR     WRT      WRITE DISK
10000 05DB BD 019D    L05DB   JSR     DUMMY
10000 05DE BD 01D2            JSR     DUMMY
10000 05E1 7E FC0F            JMP     LFC0F
10000  ;
10000 05E4 BD 01C6    NOCMD   JSR     DUMMY   DO NOTHING, JUSt GO TO NEXT CMD
10000 05E7 BD 019D            JSR     DUMMY
10000 05EA BD 01D2            JSR     DUMMY
10000 05ED 7E 00E3            JMP     CMD     GO EXECUTE NEXT COMMAND
10000  ;
10000 05F0 BD 02B3    L05F0   JSR     L02B3
10000 05F3 96 3E              LDAA    L003E
10000 05F5 81 1B              CMPA    #$001B
10000 05F7 27 6C              BEQ     L0665
10000 05F9 81 7D              CMPA    #$007D
10000 05FB 27 68              BEQ     L0665
10000 05FD DE 34              LDX     L0034
10000 05FF 9C 36              CPX     L0036
10000 0601 26 50              BNE     L0653
10000 0603 D6 32              LDAB    L0032
10000 0605 96 33              LDAA    L0033
10000 0607 80 0A              SUBA    #$000A
10000 0609 C2 00              SBCB    #$0000
10000 060B D7 6C              STAB    L006C
10000 060D 97 6D              STAA    L006D
10000 060F DE 38              LDX     L0038
10000 0611 9C 6C              CPX     L006C
10000 0613 26 03              BNE     L0618
10000 0615 7E 00DA            JMP     L00DA
10000  ;
10000 0618 DE 38      L0618   LDX     L0038
10000 061A DF 62              STX     L0062
10000 061C DE 32              LDX     L0032
10000 061E 09                 DEX     
10000 061F 09                 DEX     
10000 0620 DF 36              STX     L0036
10000 0622 DF 3A              STX     L003A
10000 0624 D6 62      L0624   LDAB    L0062
10000 0626 96 63              LDAA    L0063
10000 0628 90 35              SUBA    L0035
10000 062A D2 34              SBCB    L0034
10000                 L062B
10000 062C 2B 20              BMI     L064E
10000 062E D6 62              LDAB    L0062
10000 0630 96 63              LDAA    L0063
10000 0632 BD 01E5            JSR     L01E5
10000 0635 A6 00              LDAA    $0000,X
10000 0637 36                 PSHA    
10000 0638 D6 36              LDAB    L0036
10000 063A 96 37              LDAA    L0037
10000 063C BD 01E5            JSR     L01E5
10000 063F 32                 PULA    
10000 0640 A7 00              STAA    $0000,X
10000 0642 DE 62              LDX     L0062
10000 0644 09                 DEX     
10000 0645 DF 62              STX     L0062
10000 0647 DE 36              LDX     L0036
10000 0649 09                 DEX     
10000 064A DF 36              STX     L0036
10000 064C 20 D6              BRA     L0624
10000  ;
10000 064E DE 36      L064E   LDX     L0036
10000 0650 08                 INX     
10000 0651 DF 36              STX     L0036
10000 0653 D6 34      L0653   LDAB    L0034
10000 0655 96 35              LDAA    L0035
10000 0657 BD 01E5            JSR     L01E5
10000 065A 96 3E              LDAA    L003E
10000                 L065B
10000 065C A7 00              STAA    $0000,X
10000 065E DE 34      L065E   LDX     L0034
10000 0660 08                 INX     
10000 0661 DF 34              STX     L0034
10000 0663 20 8B              BRA     L05F0
10000  ;
10000 0665 BD 03F5    L0665   JSR     L03F5
10000 0668 7E 00E3            JMP     CMD     GO EXECUTE NEXT COMMAND
10000  ;
10000 066B BD 0472    L066B   JSR     L0472
10000 066E DE 5E              LDX     L005E
10000 0670 DF 36              STX     L0036
10000 0672 D6 36              LDAB    L0036
10000 0674 96 37              LDAA    L0037
10000 0676 90 35      L0676   SUBA    L0035
10000 0678 D2 34              SBCB    L0034
10000 067A 2A 0C              BPL     L0688
10000 067C DE 34              LDX     L0034
10000 067E DF 62              STX     L0062
10000 0680 DE 36              LDX     L0036
10000 0682 DF 34              STX     L0034
10000 0684 DE 62              LDX     L0062
10000 0686 DF 36              STX     L0036
10000 0688 BD 03F5    L0688   JSR     L03F5
10000 068B 7E 00E3            JMP     CMD     GO EXECUTE NEXT COMMAND
10000  ;
10000 068E BD 0472    L068E   JSR     L0472
10000 0691 DE 5E              LDX     L005E
10000 0693 DF 34              STX     L0034
10000 0695 7E 00E3            JMP     CMD     GO EXECUTE NEXT COMMAND
10000  ;
10000 0698 96 41      L0698   LDAA    L0041
10000 069A 27 25              BEQ     L06C1
10000 069C DE 34              LDX     L0034
10000 069E 09                 DEX     
10000 069F DF 6C              STX     L006C
10000 06A1 D6 6C              LDAB    L006C
10000 06A3 96 6D              LDAA    L006D
10000 06A5 90 40              SUBA    L0040
10000 06A7 C2 00              SBCB    #$0000
10000 06A9 2B 0F              BMI     L06BA
10000 06AB D6 34              LDAB    L0034
10000 06AD 96 35              LDAA    L0035
10000 06AF 90 40              SUBA    L0040
10000 06B1 C2 00              SBCB    #$0000
10000 06B3 D7 34              STAB    L0034
10000 06B5 97 35              STAA    L0035
10000 06B7 7E 00E3    L06B7   JMP     CMD     GO EXECUTE NEXT COMMAND
10000  ;
10000 06BA CE 0001    L06BA   LDX     #$0001
10000 06BD DF 34              STX     L0034
10000 06BF 20 F6              BRA     L06B7
10000  ;
10000 06C1 D6 34      L06C1   LDAB    L0034
10000 06C3 96 35              LDAA    L0035
10000 06C5 9B 40              ADDA    L0040
10000 06C7 C9 00              ADCB    #$0000
10000 06C9 D7 62              STAB    L0062
10000 06CB 97 63              STAA    L0063
10000 06CD D6 38              LDAB    L0038
10000 06CF 96 39              LDAA    L0039
10000 06D1 90 63              SUBA    L0063
10000 06D3 D2 62              SBCB    L0062
10000 06D5 2B 06              BMI     L06DD
10000 06D7 DE 62              LDX     L0062
10000 06D9 DF 34              STX     L0034
10000 06DB 20 DA              BRA     L06B7
10000  ;
10000 06DD DE 38      L06DD   LDX     L0038
10000 06DF DF 34              STX     L0034
10000 06E1 20 D4              BRA     L06B7
10000  ;
10000 06E3 7F 0041    L06E3   CLR     L0041
10000 06E6 CE 0001            LDX     #$0001
10000 06E9 DF 34              STX     L0034
10000 06EB BD 0472            JSR     L0472
10000 06EE DE 5E              LDX     L005E
10000 06F0 DF 36              STX     L0036
10000 06F2 BD 01C6            JSR     DUMMY
10000 06F5 CE 0001            LDX     #$0001
10000 06F8 DF 62              STX     L0062
10000 06FA DE 36      L06FA   LDX     L0036
10000 06FC 09                 DEX     
10000 06FD DF 6C              STX     L006C
10000 06FF D6 6C              LDAB    L006C
10000 0701 96 6D              LDAA    L006D
10000 0703 90 63              SUBA    L0063
10000 0705 D2 62              SBCB    L0062
10000 0707 2B 13              BMI     L071C
10000 0709 D6 62              LDAB    L0062
10000 070B 96 63              LDAA    L0063
10000 070D BD 01E5            JSR     L01E5
10000 0710 A6 00              LDAA    $0000,X
10000 0712 BD 002C            JSR     WRT      WRITE DISK
10000 0715 DE 62              LDX     L0062
10000 0717 08                 INX     
10000 0718 DF 62              STX     L0062
10000 071A 20 DE              BRA     L06FA
10000  ;
10000 071C BD 03F5    L071C   JSR     L03F5
10000 071F BD 01D2            JSR     DUMMY
10000 0722 7E 00E3            JMP     CMD     GO EXECUTE NEXT COMMAND
10000  ;
10000 0725 BD 033C    L0725   JSR     L033C
10000 0728 D6 5B              LDAB    L005B
10000 072A 96 5C              LDAA    L005C
10000 072C 9B 5D              ADDA    L005D
10000 072E C9 00              ADCB    #$0000
10000 0730 D7 34              STAB    L0034
10000 0732 97 35              STAA    L0035
10000 0734 7E 00E3            JMP     CMD     GO EXECUTE NEXT COMMAND
10000  ;
10000 0737 BD 0472    L0737   JSR     L0472
10000 073A DE 5E              LDX     L005E
10000 073C DF 62              STX     L0062
10000 073E 9C 34              CPX     L0034
10000 0740 27 42              BEQ     L0784
10000 0742 D6 34              LDAB    L0034
10000 0744 96 35              LDAA    L0035
10000 0746 90 63              SUBA    L0063
10000 0748 D2 62              SBCB    L0062
10000 074A 2A 1C              BPL     L0768
10000 074C D6 62              LDAB    L0062
10000 074E 96 63              LDAA    L0063
10000 0750 BD 01E5            JSR     L01E5
10000 0753 DF 62              STX     L0062
10000 0755 D6 34              LDAB    L0034
10000 0757 96 35              LDAA    L0035
10000 0759 BD 01E5            JSR     L01E5
10000 075C 9C 62      L075C   CPX     L0062
10000 075E 27 24              BEQ     L0784
10000 0760 A6 00              LDAA    $0000,X
10000 0762 BD 0026            JSR     CO
10000 0765 08                 INX     
10000 0766 20 F4              BRA     L075C
10000  ;
10000 0768 D6 34      L0768   LDAB    L0034
10000 076A 96 35              LDAA    L0035
10000 076C BD 01E5            JSR     L01E5
10000 076F DF 64              STX     L0064
10000 0771 D6 62              LDAB    L0062
10000 0773 96 63              LDAA    L0063
10000 0775 BD 01E5            JSR     L01E5
10000 0778 9C 64      L0778   CPX     L0064
10000 077A 27 08              BEQ     L0784
10000 077C A6 00              LDAA    $0000,X
10000 077E BD 0026            JSR     CO
10000 0781 08                 INX     
10000 0782 20 F4              BRA     L0778
10000  ;
10000 0784 7E 00E3    L0784   JMP     CMD     GO EXECUTE NEXT COMMAND
10000  ;
10000 0787 DE 38      L0787   LDX     L0038
10000 0789 DF 34              STX     L0034
10000 078B 7E 00E3            JMP     CMD     GO EXECUTE NEXT COMMAND
10000  ;
10000 078E 0D         MTITLE  FCB     13     
10000 078F 46                 FCC     "FDOS EDITOR",13,10
10000 079C 43                 FCC     "CISER EDITOR VER. 1.0"

10000 07B1 06         MERR    FCB     6
10000 07B2 22 20              FCC     '" ????'
10000 07B8 0C         MNFND   FCB     12 
10000 07B9                    FCC     'CAN'T FIND "'
10000 07C5 1A                 *****
10000 07C6 53                 FCC     "START PUNCH, TYPE ANY CHAR"
10000 
10000 07E0 01         L07E0   NOP             Editor Cold Start Init -> patched out
10000 07E1 01         L07E1   NOP     
10000 07E2 39                 RTS     
10000  ; -----------------------------------------------
10000 07E3 7E FECA    L07E3   JMP     LFECA
10000  ;
10000 07E6 47                 ASRA    
10000 07E7 24 FA      L07E7   BCC     L07E3
10000                 L07E8
10000 07E9 B6 FCF5            LDAA    LFCF5
10000 07EC 0C                 CLC     
10000 07ED 39                 RTS     
10000  ; -----------------------------------------------
10000 07EE 00                 *****
10000 07EF 1A                 *****
10000 07F0 00                 *****
10000 07F1 09                 DEX     
10000 07F2 00                 *****
10000 07F3 9D 08      L07F3   JSR     L0008
10000 07F5 08                 INX     
10000 07F6 08                 INX     
10000 07F7 D8 00              EORB    L0000
10000 07F9 08                 INX     
10000 07FA 00                 *****
10000 07FB 59                 ROLB    
10000 07FC 00                 *****
10000 07FD 08                 INX     
10000 07FE 00                 *****
10000 07FF 58                 ASLB    
10000 0800 11         L0800   CBA     
10000 0801 20 00              BRA     L0803
10000  ;
10000 0803 40         L0803   NEGA    
10000 0804 00                 *****
10000 0805 40                 NEGA    
10000 0806 00         L0806   *****
10000 0807 37                 PSHB    
10000 0808 F6 FCF4    L0808   LDAB    LFCF4
10000                 L0809
10000 080B C5 02              BITB    #$0002
10000 080D 27 F9              BEQ     L0808
10000 080F 81 09              CMPA    #$0009
10000 0811 26 02              BNE     L0815
10000                 L0812
10000 0813 86 20              LDAA    #$0020
10000 0815 B7 FCF5    L0815   STAA    LFCF5
10000 0818 33                 PULB    
10000 0819 39         L0819   RTS     
10000  ; -----------------------------------------------
10000 081A FC F4C5    L081A   LDD     LF4C5
10000 081D 02         L081D   *****
10000 081E 26 F9              BNE     L0819
10000 0820 39         L0820   RTS     
10000  ; -----------------------------------------------
10000 0821 00                 *****
10000 0822 42                 *****
10000 0823 00                 *****
10000 0824 40                 NEGA    
10000 0825 00                 *****
10000 0826 00                 *****
10000 0827 00                 *****
10000 0828 00                 *****
10000 0829 00                 *****
10000 082A 02                 *****
10000 082B 00                 *****
10000 082C 00                 *****
10000 082D 40                 NEGA    
10000 082E 40                 NEGA    
10000 082F 00                 *****
10000 0830 00                 *****
10000 0831 00                 *****
10000 0832 00                 *****
10000 0833 CE FFFF            LDX     #$FFFF
10000 0836 B6 FCFD            LDAA    LFCFD
10000 0839 84 55              ANDA    #$0055
10000 083B 7E 0860            JMP     L0860
10000  ;
10000 083E B6 FCF4    L083E   LDAA    LFCF4
10000 0841 47                 ASRA    
10000 0842 25 0E              BCS     L0852
10000 0844 09                 DEX     
10000 0845 26 F7              BNE     L083E
10000 0847 F6 FCFD            LDAB    LFCFD
10000 084A C4 35              ANDB    #$0035
10000 084C F7 FCF4            STAB    LFCF4
10000 084F 0D                 SEC     
10000 0850 01                 NOP     
10000 0851 39                 RTS     
10000  ; -----------------------------------------------
10000 0852 B6 FCF5    L0852   LDAA    LFCF5
10000 0855 F6 FCFD            LDAB    LFCFD
10000 0858 C4 35              ANDB    #$0035
10000 085A F7 FCF4            STAB    LFCF4
10000 085D 0C                 CLC     
10000 085E 01                 NOP     
10000 085F 39                 RTS     
10000  ; -----------------------------------------------
10000 0860 B7 FCF4    L0860   STAA    LFCF4
10000 0863 C6 10              LDAB    #$0010
10000 0865 4F         L0865   CLRA    
10000 0866 4A         L0866   DECA    
10000 0867 26 FD              BNE     L0866
10000 0869 5A                 DECB    
10000 086A 26 F9              BNE     L0865
10000 086C B6 FCFD            LDAA    LFCFD
10000 086F 84 35              ANDA    #$0035
10000 0871 B7 FCF4            STAA    LFCF4
10000 0874 7E 083E            JMP     L083E
10000  ;
10000 0877 A4 84              ANDA    $0084,X
10000 0879 7E 0026            JMP     CO
10000  ;
10000 087C 84 A5              ANDA    #$00A5
10000 087E 84 FF              ANDA    #$00FF
10000 0880 01                 NOP     
10000 0881 21 86              BRN     L0809
10000 0883 C6 97              LDAB    #$0097
10000 0885 3C                 PSHX    
10000 0886 DE 4B              LDX     L004B
10000 0888 08                 INX     
10000 0889 DF 4B              STX     L004B
10000 088B 96 4B              LDAA    L004B
10000 088D D6 4C              LDAB    L004C
10000 088F CE 01D5            LDX     #$01D5
10000 0892 BD 062B            JSR     L062B
10000 0895 86 20              LDAA    #$20
10000 0897 B7 01D5            STAA    L01D5 ???? overwrite SETHIME  
10000 089A B7 01D6            STAA    L01D6
10000 089D CE 01C4            LDX     #$01C4
10000 08A0 BD 065B            JSR     L065B
10000 08A3 DE 81              LDX     L0081
10000 08A5 BD 065E            JSR     L065E
10000 08A8 DE 7F              LDX     L007F
10000 08AA DF 37              STX     L0037
10000 08AC 39                 RTS     
10000  ; -----------------------------------------------
10000 08AD DE 37              LDX     L0037
10000 08AF DF 7F              STX     L007F
10000 08B1 C5 01              BITB    #$0001
10000 08B3 27 0D              BEQ     L08C2
10000 08B5 CE 00AA            LDX     #$00AA
10000 08B8 96 49              LDAA    L0049
10000 08BA BD 0676            JSR     L0676
10000 08BD 96 4A              LDAA    L004A
10000 08BF BD 0676            JSR     L0676
10000 08C2 C5 02      L08C2   BITB    #$0002
10000 08C4 27 08              BEQ     L08CE
10000 08C6 CE 00AF            LDX     #$00AF
10000 08C9 96 3B              LDAA    L003B
10000 08CB BD 0676            JSR     L0676
10000 08CE C5 04      L08CE   BITB    #$0004
10000 08D0 27 08              BEQ     L08DA
10000 08D2 CE 00B2            LDX     #$00B2
10000 08D5 96 32              LDAA    L0032
10000 08D7 BD 0676    L08D7   JSR     L0676
10000 08DA C5 08      L08DA   BITB    #$0008
10000 08DC 27 0D              BEQ     L08EB
10000 08DE CE 00B2            LDX     #$00B2
10000 08E1 96 31              LDAA    L0031
10000 08E3 BD 0676            JSR     L0676
10000 08E6 96 32              LDAA    L0032
10000 08E8 BD 0676            JSR     L0676
10000 08EB C5 10      L08EB   BITB    #$0010
10000 08ED 27 0D              BEQ     L08FC
10000 08EF CE 00AF            LDX     #$00AF
10000 08F2 96 31              LDAA    L0031
10000 08F4 BD 0676            JSR     L0676
10000 08F7 96 32              LDAA    L0032
10000 08F9 BD 0676            JSR     L0676
10000 08FC 7D 002A    L08FC   TST     L002A
10000 08FF 27 D6              BEQ     L08D7
10000                 L0900
10000 0901 5B                 *****
10000 0902 96 5C              LDAA    L005C
10000 0904 9B 35              ADDA    L0035
10000 0906 D9 34              ADCB    L0034
10000 0908 D7 5B              STAB    L005B
10000 090A 97 5C              STAA    L005C
10000 090C 39                 RTS     
10000  ; -----------------------------------------------
10000 090D 00                 *****
10000 090E 00                 *****
10000 090F 00                 *****
10000 0910 DF 70      L0910   STX     L0070
10000 0912 BD FECA            JSR     LFECA
10000 0915 DE 70              LDX     L0070
10000 0917 39                 RTS     
10000  ; -----------------------------------------------
10000 0918 00                 *****
10000 0919 00                 *****
10000 091A 00                 *****
10000 091B 00                 *****
10000 091C 00                 *****
10000 091D 00                 *****
10000 091E 00                 *****
10000 091F 00                 *****
10000 0920 DF 70      L0920   STX     L0070
10000 0922 BD FEE5            JSR     LFEE5
10000 0925 DE 70              LDX     L0070
10000 0927 39                 RTS     
