Logging to file "Build/EDTP10.LST"
ASMB,S:1,O:1,2

M6800 ASSEMBLER VERSION 1.2





---


PAGE  001   EDTP EDI          



00001                     NAM    EDTP     EDIT 1.0 EDITOR PATCH
00002                     OPT    O,NOM,NOP  
00003              *---------------------------------------------------
00004              *
00005              * Sphere FDOS-I Editor 1.0 Patch
00006              * Jun/2026 by Roberto Sancho 
00007              * to run on Exorciser with EXBUG ROM, 
00008              * EXORDisk-I controller and
00009              * Motorola EDOS-I
00010              *       
00011              *
00012              * EDOS PROM ROUTINES
00013              *
00014      E809    XRI    EQU    $E809    EDOS ROM DISK BYTE READ ROUTI 
00015      E80C    XWRT   EQU    $E80C    EDOS ROM DISK WRITE ROUTINE
00016      E80F    UPDT   EQU    $E80F    UPDATE
00017              *
00018              * EXBUG ROM ROUTINES
00019              *
00020      F015    CONIN  EQU    $F015    CONSOLE INPUT WITH ECHO
00021      F018    CONOUT EQU    $F018    CONSOLE OUTPUT WITH NULLS LOG 
00022              *
00023              * Patch EDITOR I/O vectors
00024              *
00025 0023                ORG    $0023 
00026 0023 7E F015        JMP    CONIN 
00027 0026 7E F018        JMP    CONOUT 
00028 0029 7E E809        JMP    XRI 
00029 002C 7E E80C        JMP    XWRT 
00030              *
00031 07E3                ORG    $07E3 
00032 07E3 7E F015        JMP    CONIN 
00033              *
00034 05E1                ORG    $05E1    
00035 05E1 7E E80F        JMP    UPDT 
00036              *
00037              * Patch EDITOR welcome banner
00038              *
00039 078E                ORG    $078E 
00040 078E 22             FCB    34 
00041 078F 52             FCC    /RESIDENT EXORCISER EDITOR VER. 1.0/
      0790 45      
      0791 53      
      0792 49      
      0793 44      
      0794 45      
      0795 4E      
      0796 54      
      0797 20      
      0798 45      
      0799 58      
      079A 4F      
      079B 52      
      079C 43      
      079D 49      
      079E 53      
      079F 45      
      07A0 52      
      07A1 20      
      07A2 45      
      07A3 44      
      07A4 49      
      07A5 54      
      07A6 4F      
      07A7 52      
      07A8 20      
      07A9 56      
      07AA 45      
      07AB 52      
      07AC 2E      
      07AD 20      
      07AE 31      
      07AF 2E      
      07B0 30      
00042              *
00043              * Patch editor to comment out explicit input echo
00044              *
00045 028B                ORG    $028B    
00046 028B 7D 0026        TST    $0026    Instead of JSR CONOUT
00047              *
00048                     END             

TOTAL ERRORS 00000

!Log file closed
