0478: INCH
0967: OUTCH 
067B: POLCAT
13EA: CASIN
1332: CASOUT
1CDB: SETIO

1D03:   CE 14 78                    LDX     #$1478
1D06:   FF 04 79                    STX     L0479
1D09:   FF 13 EB                    STX     L13EB
1D0C:   CE 14 C8                    LDX     #$14C8
1D0F:   FF 09 68                    STX     L0968
1D12:   FF 13 33                    STX     L1333


13EA:   BD 14 82            CASIN   JSR     L1482   rd byte from tape 
13ED:   33                          PULB    
13EE:   39                  L13EE   RTS     

1332:   BD 14 AC            CASOUT  JSR     L14AC   wr byte to tape 
1335:   33                          PULB    
1336:   39                          RTS     

14C8:   F6 80 04            L14C8   LDAB    L8004
14CB:   C4 02                       ANDB    #$0002
14CD:   27 F9                       BEQ     L14C8
14CF:   B7 80 05                    STAA    L8005
14D2:   39                          RTS     

1478:   B6 80 04            L1478   LDAA    L8004
147B:   46                          RORA    
147C:   24 FA                       BCC     L1478
147E:   B6 80 05                    LDAA    L8005
1481:   39                          RTS     
