
0106:                            ORG  $0106
0106:                            
0106:                            ; SET SWTBUG ROM VECTORS
0106:                            
0106: 7E E1 D1            OUPC    JMP  $E1D1	; OUTEEE OUT CHAR TO TTY
0109: 7E 40 00            NLINE   JMP  PRTCRLF	; PRINT CR & LF
010C: 7E E0 7E            OUPST   JMP  $E07E 	; PDATA1 PRINT STRING IN X-REG
010F: 7E E0 6B            OUPHL   JMP  $E06B	; OUT4L PRINT 4 LOW ORDERED BITS IN A
0112: 7E E1 AC            INPCE   JMP  $E1AC	; INEEE INPUT CHAR WITH ECHO
0115: 7E E1 13            MONITOR JMP  $E113	; SWTBUG RETURN TO MONITOR
0118:                           
0118:                     	; PATCH MAIN PROGRAM
0118:                     
0210:                     	ORG $0210
0210:                     
0210: BD 40 0B            	JSR OUTSQ	; OUT CHAR=BOARD SQUARE
0213:                     	
0121:                     	ORG $0121
0121:                     	
0121: CE 40 09            	LDX #MQRY	; PRINT ':' AS QUERY MVT PROMPT
0124: BD 01 0C            	JSR OUPST	
0127: 01                  	NOP
0128:                     	
03B5:                     	ORG $03B5	; PATCH OUT DISPLAY
03B5: 01                  	NOP		; ON 7-SEGMENT LED 
03B6: 01                  	NOP
03B7: 01                  	NOP
03BA:                     	ORG $03BA
03BA: 01                  	NOP
03BB: 01                  	NOP
03BC: 01                  	NOP
03BD:                     	
06C0:                     	ORG $06C0
06C0:                     	
06C0:                     	; ASCII CHAR THAT REPRESENT EACH PIECE CODE IN A SQUARE
06C0:                     	; 0=FREE, 1=PAWN, 2=HORSE, 3=BISHOP (ALFIL), 4=ROOK (TORRE) 5=QUEEN, 6=KING (BLACK)
06C0:                     	;         8=PAWN, 10=KNIGHT (CABALLO), 11=BISHOP (ALFIL), 12=ROOK (TORRE) 13=QUEEN, 14=KING (WHITE)
06C0:                     	
06C0: 23                  	FCC '#'		; 0=FREE BLACK SQUARE 
06C1: 50                  	FCC 'P'		; 1=BLACK PAWN 
06C2: 4E                  	FCC 'N'		; 2=      KNIGHT (CABALLO)
06C3: 42                  	FCC 'B'		; 3=      BISHOP (ALFIL)
06C4: 52                  	FCC 'R'		; 4=      ROOK (TORRE) 
06C5: 51                  	FCC 'Q'		; 5=      QUEEN, 
06C6: 4B                  	FCC 'K'		; 6=      KING (BLACK)
06C7: 3F                  	FCC '?'
06C8: 70                  	FCC 'p'		; 8=WHITE PAWN 
06C9: 3F                  	FCC '?'
06CA: 6E                  	FCC 'n'		; 10=     KNIGHT (CABALLO)
06CB: 62                  	FCC 'b'		; 11=     BISHOP (ALFIL)
06CC: 72                  	FCC 'r'		; 12=     ROOK (TORRE) 
06CD: 71                  	FCC 'q'		; 13=     QUEEN
06CE: 6B                  	FCC 'k'		; 14=     KING (BLACK)
06CF:                     	
06CF:                     
06CF:                     	; NEW ROUTINES FOR SWTPC 6800
06CF:                     	
4000:                     	ORG $4000
4000:                     	
4000: CE 40 06            PRTCRLF LDX #MCRLF	; PRINT CR & LF
4003: 7E 01 0C            	JMP OUPST	
4006: 0D 0A 04            MCRLF	FCB 13,10,4	
4009: 3A                  MQRY	FCC ':'
400A: 04                  	FCB 4
400B:                     
400B: 81 A3               OUTSQ	CMPA #$A3	; IS=WHITE FREE SQUARE?
400D: 27 05               	BEQ WHISQA	; BR BECAUSE IS A FREE BLACK SQUARE
400F: 84 7F               	ANDA #$7F	; REMOVE BIT 7
4011: 7E 01 06            	JMP OUPC	; PRINT THE CHAR FOR THE PIECE IN THE SQUARE
4014: 86 2E               WHISQA  LDAA #'.'	; FREE WHITE SQUARE
4016: 7E 01 06            	JMP OUPC	
4019:                     	
A048:                     	ORG $A048 	; SET START ADDRESS FOR "G" COMMAND
A048: 01 00               	FDB $0100
A04A:                     	
