 00002			        NAM MINIB
 00003			* MINI-BUG
 00004			* COPYWRITE 1973, MOTOROLA INC
 00005			* REV 004 (USED WITH MIKBUG)
 00006      FCF4 	ACIACS  EQU     @176364   ACIA CONTROL/STATUS
 00007      FCF5 	ACIADA  EQU     ACIACS+1
 00008      FE00	        ORG     $FE00
 00009			* MINIB
 00010			* INPUT ONE CHAR INTOA-REGISTER
 00011 FE00 B6 FCF4 	INCH    LDA A   ACIACS
 00012 FE03 47		        ASR A
 00013 FE04 24 FA	        BCC     INCH        RECEIVE NOT READY
 00014 FE06 B6 FCF5 	        LDA A   ACIADA      INPUT CHARACTER
 00015 FE09 84 7F	        AND A   #$7F        RESET PARITYBIT
 00016 FE0B 81 7F	        CMP A   #$7F
 00017 FE0D 27 F1	        BEQ     INCH        RUBOUT IGNORE
 00018 FE0F 7E FEAE 	        JMP     OUTCH       ECHO CHAR
 00019			* INPUT HEX CHAR
 00020 FE12 8D EC	INHEX   BSR     INCH
 00021 FE14 81 30	        CMP A   #$30
 00022 FE16 2B 52	        BMI     C1          NOT HEX
 00023 FE18 81 39	        CMP A   #$39
 00024 FE1A 2F 0A	        BLE     IN1HG
 00025 FE1C 81 41	        CMP A   #$41
 00026 FE1E 2B 4A	        BMI     C1          NOT HEX
 00027 FE20 81 46	        CMP A   #$46
 00028 FE22 2E 46	        BGT     C1          NOT HEX
 00029 FE24 80 07	        SUB A   #7
 00030 FE26 39		IN1HG   RTS
 00031			
 00032 FE27 86 D1	LOAD    LDA A   #$D1        TURN READER ON
 00033 FE29 B7 FCF4 	        STA A   ACIACS
 00034 FE2C 86 11	        LDA A   #$11
 00035 FE2E 8D 7E	        BSR     OUTCH
 00036			
 00037 FE30 8D CE	LOAD3   BSR     INCH
 00038 FE32 81 53	        CMP A   #'S
 00039 FE34 26 FA	        BNE     LOAD3       1ST CHAR NOT (S)
 00040 FE36 8D C8	        BSR     INCH        READ CHAR
 00041 FE38 81 39	        CMP A   #'9
 00042 FE3A 27 25	        BEQ     LOAD21
 00043 FE3C 81 31	        CMP A   #'1
 00044 FE3E 26 F0	        BNE     LOAD3       2ND CHAR NOT (1)
 00045 FE40 7F FF32 	        CLR     CKSM        ZERO CHECKSUM
 00046 FE43 8D 36	        BSR     BYTE        READ BYTE
 00047 FE45 80 02	        SUB A   #2
 00048 FE47 B7 FF33 	        STA A   BYTECT      BYTE COUNT
 00049			* BUILD ADDRESS
 00050 FE4A 8D 21	        BSR     BADDR
 00051			* STORE DATA
 00052 FE4C 8D 2D	LOAD11  BSR     BYTE
 00053 FE4E 7A FF33 	        DEC     BYTECT
 00054 FE51 27 05	        BEQ     LOAD15      ZERO BYTE COUNT
 00055 FE53 A7 00	        STA A   X           STORE DATA
 00056 FE55 08		        INX
 00057 FE56 20 F4	        BRA     LOAD11
 00058 FE58 7C FF32 	LOAD15  INC     CKSM
 00059 FE5B 27 D3	        BEQ     LOAD3
 00060 FE5D 86 3F	LOAD19  LDA A   #'?         PRINT QUESTION MARK
 00061 FE5F 8D 4D	        BSR     OUTCH
 00062 FE61 86 B1	LOAD21  LDA A   #$B1        TURN READER OFF
 00063 FE63 B7 FCF4 	        STA A   ACIACS
 00064 FE66 86 13	        LDA A   #$13
 00065 FE68 8D 44	        BSR     OUTCH
 00066 FE6A 7E FEDB 	C1      JMP     CONTRL
 00067			* BUILDADDRESS
 00068 FE6D 8D 0C	BADDR   BSR     BYTE        READ 2 FRAMES
 00069 FE6F B7 FF34 	        STA A   XHI
 00070 FE72 8D 07	        BSR     BYTE
 00071 FE74 B7 FF35 	        STA A   XLOW
 00072 FE77 FE FF34 	        LDX     XHI         (X)ADDRESS WEBUILT
 00073 FE7A 39		        RTS
 00074			* INPUTBYTE (TWO FRAMES)
 00075 FE7B 8D 95	BYTE    BSR     INHEX       GET HEX CHAR
 00076 FE7D 48		        ASL A
 00077 FE7E 48		        ASL A
 00078 FE7F 48		        ASL A
 00079 FE80 48		        ASL A
 00080 FE81 16		        TAB
 00081 FE82 8D 8E	        BSR     INHEX
 00082 FE84 84 0F	        AND A   #$0F        MASK TO 4BITS
 00083 FE86 1B		        ABA
 00084 FE87 16		        TAB
 00085 FE88 FB FF32 	        ADD B   CKSM
 00086 FE8B F7 FF32 	        STA B   CKSM
 00087 FE8E 39		        RTS
 00088			* CHANGE MEMORY (MAAAA DD NN)
 00089 FE8F 8D DC	CHANGE  BSR     BADDR       BUILD  ADDRESS
 00090 FE91 8D 34	        BSR     OUTS        PRINT SPACE
 00091 FE93 8D 30	        BSR     OUT2HS
 00092 FE95 8D E4	        BSR     BYTE
 00093 FE97 09		        DEX
 00094 FE98 A7 00	        STA A   X
 00095 FE9A A1 00	        CMP A   X
 00096 FE9C 26 BF	        BNE     LOAD19      MEMORY DID NOT CHAMSE
 00097 FE9E 20 3B	        BRA     CONTRL
 00098 FEA0 44		OUTHL   LSR A               OUT HEX LEFT BCD DIGIT
 00099 FEA1 44		        LSR A
 00100 FEA2 44		        LSR A
 00101 FEA3 44		        LSR A
 00102 FEA4 84 0F	OUTHR   AND A   #$F         OUT HEX RIGHT BCD DIGIT
 00103 FEA6 8B 30	        ADD A   #$30
 00104 FEA8 81 39	        CMP A   #$39
 00105 FEAA 23 02	        BLS     OUTCH
 00106 FEAC 8B 07	        ADD A   #$7
 00107			* OUTPUT ONE CHAR
 00108 FEAE 37		OUTCH   PSH B               SAVEB-REG
 00109 FEAF F6 FCF4 	OUTC1   LDA B   ACIACS
 00110 FEB2 57		        ASR B
 00111 FEB3 57		        ASR B
 00112 FEB4 24 F9	        BCC     OUTC1       XMIT NOT READY
 00113 FEB6 B7 FCF5 	        STA A   ACIADA      OUTPUT CHARACTER
 00114 FEB9 33		        PUL B               RESTOREB-REG
 00115 FEBA 39		        RTS
 00116			
 00117 FEBB A6 00	OUT2H   LDA A   0,X         OUTPUT 2 HEX CHAR
 00118 FEBD 8D E1	        BSR     OUTHL       OUT LEFT HEX CHAR
 00119 FEBF A6 00	        LDA A   0,X
 00120 FEC1 8D E1	        BSR     OUTHR       OUT RIGHT HEX CHAR
 00121 FEC3 08		        INX
 00122 FEC4 39		        RTS
 00123 FEC5 8D F4	OUT2HS  BSR     OUT2H       OUTPUT 2 HEX CHAR + SPACE
 00124 FEC7 86 20	OUTS    LDA A   #$20        SPACE
 00125 FEC9 20 E3	        BRA     OUTCH       (BSR & RTS)
 00126			* PRINT CONTENTS OF STACK.
 00127 FECB 30		PRINT   TSX
 00128 FECC FF FF30 	        STX     SP          SAVE STACK POINTER
 00129 FECF C6 09	        LDA B   #9
 00130 FED1 8D F2	PRINT2  BSR     OUT2HS      OUT 2 HEX & SPACE
 00131 FED3 5A		        DEC B
 00132 FED4 26 FB	        BNE     PRINT2
 00133			* ENTER POWER ON SEQUENCE
 00134      FED6 	START   EQU     *
 00135			* INZ ACIA
 00136 FED6 86 B1	        LDA A   #$B1        SET SYSTEM PARAMETERS
 00137 FED8 B7 FCF4 	        STA A   ACIACS
 00138 FEDB 8E FF28 	CONTRL  LDS     #STACK      SET STACK POINTER
 00139 FEDE 86 0D	        LDA A   #$D         CARRIAGE RETURM
 00140 FEE0 8D CC	        BSR     OUTCH
 00141 FEE2 86 0A	        LDA A   #$A         LINE FEED
 00142 FEE4 8D C8	        BSR     OUTCH
 00143 FEE6 BD FE00 	        JSR     INCH        READ CHARACTER
 00144 FEE9 16		        TAB
 00145 FEEA 8D DB	        BSR     OUTS        PRINT SPACE
 00146 FEEC C1 4C	        CMP B   #'L
 00147 FEEE 26 03	        BNE     *+5
 00148 FEF0 7E FE27 	        JMP     LOAD
 00149 FEF3 C1 4D	        CMP B   #'M
 00150 FEF5 27 98	        BEQ     CHANGE
 00151 FEF7 C1 50	        CMP B   #'P
 00152 FEF9 27 D0	        BEQ     PRINT       STACK
 00153 FEFB C1 47	        CMP B   #'G
 00154 FEFD 26 DC	        BNE     CONTRL
 00155 FEFF 3B		        RTI                 GO
 00156			
 00157      FF00 	ROMEND  EQU     *
 00158			
 00159      FF00	        ORG     $FF00
 00160 FF00 0028	        RMB     40
 00161 FF28 0001	STACK   RMB     1           STACK POINTER
 00162			* REGISTERS FOR GO
 00163 FF29 0001	        RMB     1           CONDITION CODES
 00164 FF2A 0001	        RMB     1           B ACCUMULATOR
 00165 FF2B 0001	        RMB     1           A
 00166 FF2C 0001	        RMB     1           X-HIGH
 00167 FF2D 0001	        RMB     1           X-LOW
 00168 FF2E 0001	        RMB     1           P-HIGH
 00169 FF2F 0001	        RMB     1           P-LOW
 00170 FF30 0001	SP      RMB     1           S-HIGH
 00171 FF31 0001	        RMB     1           S-LOW
 00172			* END REGISTERS FOR GO
 00173 FF32 0001	CKSM    RMB     1           CHECKSUM
 00174 FF33 0001	BYTECT  RMB     1           BYTE COUNT
 00175 FF34 0001	XHI     RMB     1           XREG HIGH
 00176 FF35 0001	XLOW    RMB     1           XREG LOW
 00177			
 00178 FF36		        END
